Archive member included to satisfy reference by file (symbol)

/home/raphael/.eclipse/org.eclipse.platform_4.6.3_155965261_linux_gtk_x86_64/plugins/fr.ac6.mcu.externaltools.arm-none.linux64_1.13.1.201703061524/tools/compiler/bin/../lib/gcc/arm-none-eabi/5.4.1/../../../../arm-none-eabi/lib/armv7e-m/fpu/fpv5-sp-d16/libc_nano.a(lib_a-exit.o)
                              /home/raphael/.eclipse/org.eclipse.platform_4.6.3_155965261_linux_gtk_x86_64/plugins/fr.ac6.mcu.externaltools.arm-none.linux64_1.13.1.201703061524/tools/compiler/bin/../lib/gcc/arm-none-eabi/5.4.1/../../../../arm-none-eabi/lib/armv7e-m/fpu/fpv5-sp-d16/crt0.o (exit)
/home/raphael/.eclipse/org.eclipse.platform_4.6.3_155965261_linux_gtk_x86_64/plugins/fr.ac6.mcu.externaltools.arm-none.linux64_1.13.1.201703061524/tools/compiler/bin/../lib/gcc/arm-none-eabi/5.4.1/../../../../arm-none-eabi/lib/armv7e-m/fpu/fpv5-sp-d16/libc_nano.a(lib_a-impure.o)
                              /home/raphael/.eclipse/org.eclipse.platform_4.6.3_155965261_linux_gtk_x86_64/plugins/fr.ac6.mcu.externaltools.arm-none.linux64_1.13.1.201703061524/tools/compiler/bin/../lib/gcc/arm-none-eabi/5.4.1/../../../../arm-none-eabi/lib/armv7e-m/fpu/fpv5-sp-d16/libc_nano.a(lib_a-exit.o) (_global_impure_ptr)
/home/raphael/.eclipse/org.eclipse.platform_4.6.3_155965261_linux_gtk_x86_64/plugins/fr.ac6.mcu.externaltools.arm-none.linux64_1.13.1.201703061524/tools/compiler/bin/../lib/gcc/arm-none-eabi/5.4.1/../../../../arm-none-eabi/lib/armv7e-m/fpu/fpv5-sp-d16/libc_nano.a(lib_a-init.o)
                              /home/raphael/.eclipse/org.eclipse.platform_4.6.3_155965261_linux_gtk_x86_64/plugins/fr.ac6.mcu.externaltools.arm-none.linux64_1.13.1.201703061524/tools/compiler/bin/../lib/gcc/arm-none-eabi/5.4.1/../../../../arm-none-eabi/lib/armv7e-m/fpu/fpv5-sp-d16/crt0.o (__libc_init_array)
/home/raphael/.eclipse/org.eclipse.platform_4.6.3_155965261_linux_gtk_x86_64/plugins/fr.ac6.mcu.externaltools.arm-none.linux64_1.13.1.201703061524/tools/compiler/bin/../lib/gcc/arm-none-eabi/5.4.1/../../../../arm-none-eabi/lib/armv7e-m/fpu/fpv5-sp-d16/libc_nano.a(lib_a-memset.o)
                              /home/raphael/.eclipse/org.eclipse.platform_4.6.3_155965261_linux_gtk_x86_64/plugins/fr.ac6.mcu.externaltools.arm-none.linux64_1.13.1.201703061524/tools/compiler/bin/../lib/gcc/arm-none-eabi/5.4.1/../../../../arm-none-eabi/lib/armv7e-m/fpu/fpv5-sp-d16/crt0.o (memset)
/home/raphael/.eclipse/org.eclipse.platform_4.6.3_155965261_linux_gtk_x86_64/plugins/fr.ac6.mcu.externaltools.arm-none.linux64_1.13.1.201703061524/tools/compiler/bin/../lib/gcc/arm-none-eabi/5.4.1/../../../../arm-none-eabi/lib/armv7e-m/fpu/fpv5-sp-d16/libnosys.a(_exit.o)
                              /home/raphael/.eclipse/org.eclipse.platform_4.6.3_155965261_linux_gtk_x86_64/plugins/fr.ac6.mcu.externaltools.arm-none.linux64_1.13.1.201703061524/tools/compiler/bin/../lib/gcc/arm-none-eabi/5.4.1/../../../../arm-none-eabi/lib/armv7e-m/fpu/fpv5-sp-d16/libc_nano.a(lib_a-exit.o) (_exit)

Allocating common symbols
Common symbol       size              file

sdramHandle         0x34              Drivers/BSP/STM32746G-Discovery/stm32746g_discovery_sdram.o
hi2c1               0x4c              Src/main.o
hLtdcHandler        0xa8              Src/main.o
uwTick              0x4               Drivers/STM32F7xx_HAL_Driver/Src/stm32f7xx_hal.o
pFlash              0x1c              Drivers/STM32F7xx_HAL_Driver/Src/stm32f7xx_hal_flash.o
aBufferTS           0xa               Drivers/BSP/Components/exc7200/exc7200.o
huart4              0x70              Src/main.o
hdma2d              0x40              Src/main.o

Discarded input sections

 .text          0x00000000        0x0 /home/raphael/.eclipse/org.eclipse.platform_4.6.3_155965261_linux_gtk_x86_64/plugins/fr.ac6.mcu.externaltools.arm-none.linux64_1.13.1.201703061524/tools/compiler/bin/../lib/gcc/arm-none-eabi/5.4.1/armv7e-m/fpu/fpv5-sp-d16/crti.o
 .data          0x00000000        0x0 /home/raphael/.eclipse/org.eclipse.platform_4.6.3_155965261_linux_gtk_x86_64/plugins/fr.ac6.mcu.externaltools.arm-none.linux64_1.13.1.201703061524/tools/compiler/bin/../lib/gcc/arm-none-eabi/5.4.1/armv7e-m/fpu/fpv5-sp-d16/crti.o
 .bss           0x00000000        0x0 /home/raphael/.eclipse/org.eclipse.platform_4.6.3_155965261_linux_gtk_x86_64/plugins/fr.ac6.mcu.externaltools.arm-none.linux64_1.13.1.201703061524/tools/compiler/bin/../lib/gcc/arm-none-eabi/5.4.1/armv7e-m/fpu/fpv5-sp-d16/crti.o
 .data          0x00000000        0x4 /home/raphael/.eclipse/org.eclipse.platform_4.6.3_155965261_linux_gtk_x86_64/plugins/fr.ac6.mcu.externaltools.arm-none.linux64_1.13.1.201703061524/tools/compiler/bin/../lib/gcc/arm-none-eabi/5.4.1/armv7e-m/fpu/fpv5-sp-d16/crtbegin.o
[...]
Memory Configuration

Name             Origin             Length             Attributes
RAM              0x20000000         0x00050000         xrw
FLASH            0x08000000         0x00100000         xr
*default*        0x00000000         0xffffffff

Linker script and memory map

LOAD /home/raphael/.eclipse/org.eclipse.platform_4.6.3_155965261_linux_gtk_x86_64/plugins/fr.ac6.mcu.externaltools.arm-none.linux64_1.13.1.201703061524/tools/compiler/bin/../lib/gcc/arm-none-eabi/5.4.1/armv7e-m/fpu/fpv5-sp-d16/crti.o
LOAD /home/raphael/.eclipse/org.eclipse.platform_4.6.3_155965261_linux_gtk_x86_64/plugins/fr.ac6.mcu.externaltools.arm-none.linux64_1.13.1.201703061524/tools/compiler/bin/../lib/gcc/arm-none-eabi/5.4.1/armv7e-m/fpu/fpv5-sp-d16/crtbegin.o
LOAD /home/raphael/.eclipse/org.eclipse.platform_4.6.3_155965261_linux_gtk_x86_64/plugins/fr.ac6.mcu.externaltools.arm-none.linux64_1.13.1.201703061524/tools/compiler/bin/../lib/gcc/arm-none-eabi/5.4.1/../../../../arm-none-eabi/lib/armv7e-m/fpu/fpv5-sp-d16/crt0.o
LOAD /home/raphael/.eclipse/org.eclipse.platform_4.6.3_155965261_linux_gtk_x86_64/plugins/fr.ac6.mcu.externaltools.arm-none.linux64_1.13.1.201703061524/tools/compiler/bin/../lib/gcc/arm-none-eabi/5.4.1/../../../../arm-none-eabi/lib/armv7e-m/fpu/fpv5-sp-d16/libm.a
LOAD Drivers/BSP/Components/adv7533/adv7533.o
LOAD Drivers/BSP/Components/exc7200/exc7200.o
LOAD Drivers/BSP/Components/ft5336/ft5336.o
LOAD Drivers/BSP/Components/ft6x06/ft6x06.o
LOAD Drivers/BSP/Components/mfxstm32l152/mfxstm32l152.o
LOAD Drivers/BSP/Components/otm8009a/otm8009a.o
LOAD Drivers/BSP/Components/ov9655/ov9655.o
LOAD Drivers/BSP/Components/s5k5cag/s5k5cag.o
LOAD Drivers/BSP/Components/st7735/st7735.o
LOAD Drivers/BSP/Components/stmpe811/stmpe811.o
LOAD Drivers/BSP/Components/ts3510/ts3510.o
LOAD Drivers/BSP/Components/wm8994/wm8994.o
LOAD Drivers/BSP/STM32746G-Discovery/stm32746g_discovery.o
LOAD Drivers/BSP/STM32746G-Discovery/stm32746g_discovery_lcd.o
LOAD Drivers/BSP/STM32746G-Discovery/stm32746g_discovery_sdram.o
LOAD Drivers/BSP/STM32746G-Discovery/stm32746g_discovery_ts.o
LOAD Drivers/STM32F7xx_HAL_Driver/Src/stm32f7xx_hal.o
LOAD Drivers/STM32F7xx_HAL_Driver/Src/stm32f7xx_hal_cortex.o
LOAD Drivers/STM32F7xx_HAL_Driver/Src/stm32f7xx_hal_dma.o
LOAD Drivers/STM32F7xx_HAL_Driver/Src/stm32f7xx_hal_dma2d.o
LOAD Drivers/STM32F7xx_HAL_Driver/Src/stm32f7xx_hal_dma_ex.o
LOAD Drivers/STM32F7xx_HAL_Driver/Src/stm32f7xx_hal_dsi.o
LOAD Drivers/STM32F7xx_HAL_Driver/Src/stm32f7xx_hal_flash.o
LOAD Drivers/STM32F7xx_HAL_Driver/Src/stm32f7xx_hal_flash_ex.o
LOAD Drivers/STM32F7xx_HAL_Driver/Src/stm32f7xx_hal_gpio.o
LOAD Drivers/STM32F7xx_HAL_Driver/Src/stm32f7xx_hal_i2c.o
LOAD Drivers/STM32F7xx_HAL_Driver/Src/stm32f7xx_hal_i2c_ex.o
LOAD Drivers/STM32F7xx_HAL_Driver/Src/stm32f7xx_hal_ltdc.o
LOAD Drivers/STM32F7xx_HAL_Driver/Src/stm32f7xx_hal_ltdc_ex.o
LOAD Drivers/STM32F7xx_HAL_Driver/Src/stm32f7xx_hal_pwr.o
LOAD Drivers/STM32F7xx_HAL_Driver/Src/stm32f7xx_hal_pwr_ex.o
LOAD Drivers/STM32F7xx_HAL_Driver/Src/stm32f7xx_hal_rcc.o
LOAD Drivers/STM32F7xx_HAL_Driver/Src/stm32f7xx_hal_rcc_ex.o
LOAD Drivers/STM32F7xx_HAL_Driver/Src/stm32f7xx_hal_sdram.o
LOAD Drivers/STM32F7xx_HAL_Driver/Src/stm32f7xx_hal_sram.o
LOAD Drivers/STM32F7xx_HAL_Driver/Src/stm32f7xx_hal_tim.o
LOAD Drivers/STM32F7xx_HAL_Driver/Src/stm32f7xx_hal_tim_ex.o
LOAD Drivers/STM32F7xx_HAL_Driver/Src/stm32f7xx_hal_uart.o
LOAD Drivers/STM32F7xx_HAL_Driver/Src/stm32f7xx_ll_fmc.o
LOAD Src/main.o
LOAD Src/stm32f7xx_hal_msp.o
LOAD Src/stm32f7xx_it.o
LOAD Src/system_stm32f7xx.o
LOAD startup/startup_stm32f746xx.o
START GROUP
LOAD /home/raphael/.eclipse/org.eclipse.platform_4.6.3_155965261_linux_gtk_x86_64/plugins/fr.ac6.mcu.externaltools.arm-none.linux64_1.13.1.201703061524/tools/compiler/bin/../lib/gcc/arm-none-eabi/5.4.1/armv7e-m/fpu/fpv5-sp-d16/libgcc.a
LOAD /home/raphael/.eclipse/org.eclipse.platform_4.6.3_155965261_linux_gtk_x86_64/plugins/fr.ac6.mcu.externaltools.arm-none.linux64_1.13.1.201703061524/tools/compiler/bin/../lib/gcc/arm-none-eabi/5.4.1/../../../../arm-none-eabi/lib/armv7e-m/fpu/fpv5-sp-d16/libc_nano.a
END GROUP
START GROUP
LOAD /home/raphael/.eclipse/org.eclipse.platform_4.6.3_155965261_linux_gtk_x86_64/plugins/fr.ac6.mcu.externaltools.arm-none.linux64_1.13.1.201703061524/tools/compiler/bin/../lib/gcc/arm-none-eabi/5.4.1/armv7e-m/fpu/fpv5-sp-d16/libgcc.a
LOAD /home/raphael/.eclipse/org.eclipse.platform_4.6.3_155965261_linux_gtk_x86_64/plugins/fr.ac6.mcu.externaltools.arm-none.linux64_1.13.1.201703061524/tools/compiler/bin/../lib/gcc/arm-none-eabi/5.4.1/../../../../arm-none-eabi/lib/armv7e-m/fpu/fpv5-sp-d16/libc_nano.a
LOAD /home/raphael/.eclipse/org.eclipse.platform_4.6.3_155965261_linux_gtk_x86_64/plugins/fr.ac6.mcu.externaltools.arm-none.linux64_1.13.1.201703061524/tools/compiler/bin/../lib/gcc/arm-none-eabi/5.4.1/../../../../arm-none-eabi/lib/armv7e-m/fpu/fpv5-sp-d16/libnosys.a
END GROUP
START GROUP
LOAD /home/raphael/.eclipse/org.eclipse.platform_4.6.3_155965261_linux_gtk_x86_64/plugins/fr.ac6.mcu.externaltools.arm-none.linux64_1.13.1.201703061524/tools/compiler/bin/../lib/gcc/arm-none-eabi/5.4.1/armv7e-m/fpu/fpv5-sp-d16/libgcc.a
LOAD /home/raphael/.eclipse/org.eclipse.platform_4.6.3_155965261_linux_gtk_x86_64/plugins/fr.ac6.mcu.externaltools.arm-none.linux64_1.13.1.201703061524/tools/compiler/bin/../lib/gcc/arm-none-eabi/5.4.1/../../../../arm-none-eabi/lib/armv7e-m/fpu/fpv5-sp-d16/libc_nano.a
LOAD /home/raphael/.eclipse/org.eclipse.platform_4.6.3_155965261_linux_gtk_x86_64/plugins/fr.ac6.mcu.externaltools.arm-none.linux64_1.13.1.201703061524/tools/compiler/bin/../lib/gcc/arm-none-eabi/5.4.1/../../../../arm-none-eabi/lib/armv7e-m/fpu/fpv5-sp-d16/libnosys.a
END GROUP
LOAD /home/raphael/.eclipse/org.eclipse.platform_4.6.3_155965261_linux_gtk_x86_64/plugins/fr.ac6.mcu.externaltools.arm-none.linux64_1.13.1.201703061524/tools/compiler/bin/../lib/gcc/arm-none-eabi/5.4.1/armv7e-m/fpu/fpv5-sp-d16/crtend.o
LOAD /home/raphael/.eclipse/org.eclipse.platform_4.6.3_155965261_linux_gtk_x86_64/plugins/fr.ac6.mcu.externaltools.arm-none.linux64_1.13.1.201703061524/tools/compiler/bin/../lib/gcc/arm-none-eabi/5.4.1/armv7e-m/fpu/fpv5-sp-d16/crtn.o
                0x20050000                _estack = 0x20050000
                0x00000200                _Min_Heap_Size = 0x200
                0x00000400                _Min_Stack_Size = 0x400

.isr_vector     0x08000000      0x1c8
                0x08000000                . = ALIGN (0x4)
 *(.isr_vector)
 .isr_vector    0x08000000      0x1c8 startup/startup_stm32f746xx.o
                0x08000000                g_pfnVectors
                0x080001c8                . = ALIGN (0x4)

.text           0x080001c8     0x2e00
                0x080001c8                . = ALIGN (0x4)
 *(.text)
 .text          0x080001c8       0x5c /home/raphael/.eclipse/org.eclipse.platform_4.6.3_155965261_linux_gtk_x86_64/plugins/fr.ac6.mcu.externaltools.arm-none.linux64_1.13.1.201703061524/tools/compiler/bin/../lib/gcc/arm-none-eabi/5.4.1/armv7e-m/fpu/fpv5-sp-d16/crtbegin.o
 *(.text*)
 .text.BSP_LCD_SetFont
                0x08000224       0x14 Drivers/BSP/STM32746G-Discovery/stm32746g_discovery_lcd.o
                0x08000224                BSP_LCD_SetFont
 .text.BSP_LCD_MspInit
                0x08000238      0x148 Drivers/BSP/STM32746G-Discovery/stm32746g_discovery_lcd.o
                0x08000238                BSP_LCD_MspInit
 .text.BSP_LCD_ClockConfig
                0x08000380       0x24 Drivers/BSP/STM32746G-Discovery/stm32746g_discovery_lcd.o
                0x08000380                BSP_LCD_ClockConfig
 .text.BSP_LCD_Init
                0x080003a4       0xa8 Drivers/BSP/STM32746G-Discovery/stm32746g_discovery_lcd.o
                0x080003a4                BSP_LCD_Init
 .text.BSP_SDRAM_Initialization_sequence
                0x0800044c       0x9c Drivers/BSP/STM32746G-Discovery/stm32746g_discovery_sdram.o
                0x0800044c                BSP_SDRAM_Initialization_sequence
 .text.BSP_SDRAM_MspInit
                0x080004e8      0x180 Drivers/BSP/STM32746G-Discovery/stm32746g_discovery_sdram.o
                0x080004e8                BSP_SDRAM_MspInit
 .text.BSP_SDRAM_Init
                0x08000668       0x88 Drivers/BSP/STM32746G-Discovery/stm32746g_discovery_sdram.o
                0x08000668                BSP_SDRAM_Init
 .text.HAL_InitTick
                0x080006f0       0x2c Drivers/STM32F7xx_HAL_Driver/Src/stm32f7xx_hal.o
                0x080006f0                HAL_InitTick
 .text.HAL_Init
                0x0800071c       0x24 Drivers/STM32F7xx_HAL_Driver/Src/stm32f7xx_hal.o
                0x0800071c                HAL_Init
 .text.HAL_IncTick
                0x08000740       0x10 Drivers/STM32F7xx_HAL_Driver/Src/stm32f7xx_hal.o
                0x08000740                HAL_IncTick
 .text.HAL_GetTick
                0x08000750        0xc Drivers/STM32F7xx_HAL_Driver/Src/stm32f7xx_hal.o
                0x08000750                HAL_GetTick
 .text.HAL_Delay
                0x0800075c       0x1c Drivers/STM32F7xx_HAL_Driver/Src/stm32f7xx_hal.o
                0x0800075c                HAL_Delay
 .text.HAL_NVIC_SetPriorityGrouping
                0x08000778       0x24 Drivers/STM32F7xx_HAL_Driver/Src/stm32f7xx_hal_cortex.o
                0x08000778                HAL_NVIC_SetPriorityGrouping
 .text.HAL_NVIC_SetPriority
                0x0800079c       0x60 Drivers/STM32F7xx_HAL_Driver/Src/stm32f7xx_hal_cortex.o
                0x0800079c                HAL_NVIC_SetPriority
 .text.HAL_NVIC_EnableIRQ
                0x080007fc       0x18 Drivers/STM32F7xx_HAL_Driver/Src/stm32f7xx_hal_cortex.o
                0x080007fc                HAL_NVIC_EnableIRQ
 .text.HAL_SYSTICK_Config
                0x08000814       0x2c Drivers/STM32F7xx_HAL_Driver/Src/stm32f7xx_hal_cortex.o
                0x08000814                HAL_SYSTICK_Config
 .text.HAL_SYSTICK_CLKSourceConfig
                0x08000840       0x20 Drivers/STM32F7xx_HAL_Driver/Src/stm32f7xx_hal_cortex.o
                0x08000840                HAL_SYSTICK_CLKSourceConfig
 .text.HAL_SYSTICK_Callback
                0x08000860        0x4 Drivers/STM32F7xx_HAL_Driver/Src/stm32f7xx_hal_cortex.o
                0x08000860                HAL_SYSTICK_Callback
 .text.HAL_SYSTICK_IRQHandler
                0x08000864        0x8 Drivers/STM32F7xx_HAL_Driver/Src/stm32f7xx_hal_cortex.o
                0x08000864                HAL_SYSTICK_IRQHandler
 .text.DMA_CalcBaseAndBitshift
                0x0800086c       0x38 Drivers/STM32F7xx_HAL_Driver/Src/stm32f7xx_hal_dma.o
 .text.DMA_CheckFifoParam
                0x080008a4       0x90 Drivers/STM32F7xx_HAL_Driver/Src/stm32f7xx_hal_dma.o
 .text.HAL_DMA_Init
                0x08000934       0xd0 Drivers/STM32F7xx_HAL_Driver/Src/stm32f7xx_hal_dma.o
                0x08000934                HAL_DMA_Init
 .text.HAL_DMA_DeInit
                0x08000a04       0x58 Drivers/STM32F7xx_HAL_Driver/Src/stm32f7xx_hal_dma.o
                0x08000a04                HAL_DMA_DeInit
 .text.HAL_DMA2D_Init
                0x08000a5c       0x60 Drivers/STM32F7xx_HAL_Driver/Src/stm32f7xx_hal_dma2d.o
                0x08000a5c                HAL_DMA2D_Init
 .text.HAL_DMA2D_ConfigLayer
                0x08000abc       0xe0 Drivers/STM32F7xx_HAL_Driver/Src/stm32f7xx_hal_dma2d.o
                0x08000abc                HAL_DMA2D_ConfigLayer
 .text.HAL_GPIO_Init
                0x08000b9c      0x1d4 Drivers/STM32F7xx_HAL_Driver/Src/stm32f7xx_hal_gpio.o
                0x08000b9c                HAL_GPIO_Init
 .text.HAL_GPIO_WritePin
                0x08000d70        0xc Drivers/STM32F7xx_HAL_Driver/Src/stm32f7xx_hal_gpio.o
                0x08000d70                HAL_GPIO_WritePin
 .text.HAL_I2C_Init
                0x08000d7c       0xbc Drivers/STM32F7xx_HAL_Driver/Src/stm32f7xx_hal_i2c.o
                0x08000d7c                HAL_I2C_Init
 .text.HAL_I2CEx_ConfigAnalogFilter
                0x08000e38       0x5c Drivers/STM32F7xx_HAL_Driver/Src/stm32f7xx_hal_i2c_ex.o
                0x08000e38                HAL_I2CEx_ConfigAnalogFilter
 .text.HAL_I2CEx_ConfigDigitalFilter
                0x08000e94       0x58 Drivers/STM32F7xx_HAL_Driver/Src/stm32f7xx_hal_i2c_ex.o
                0x08000e94                HAL_I2CEx_ConfigDigitalFilter
 .text.LTDC_SetConfig
                0x08000eec      0x194 Drivers/STM32F7xx_HAL_Driver/Src/stm32f7xx_hal_ltdc.o
 .text.HAL_LTDC_Init
                0x08001080      0x100 Drivers/STM32F7xx_HAL_Driver/Src/stm32f7xx_hal_ltdc.o
                0x08001080                HAL_LTDC_Init
 .text.HAL_LTDC_ConfigLayer
                0x08001180       0x5c Drivers/STM32F7xx_HAL_Driver/Src/stm32f7xx_hal_ltdc.o
                0x08001180                HAL_LTDC_ConfigLayer
 .text.HAL_LTDC_GetState
                0x080011dc        0x8 Drivers/STM32F7xx_HAL_Driver/Src/stm32f7xx_hal_ltdc.o
                0x080011dc                HAL_LTDC_GetState
 .text.HAL_PWREx_EnableOverDrive
                0x080011e4       0x80 Drivers/STM32F7xx_HAL_Driver/Src/stm32f7xx_hal_pwr_ex.o
                0x080011e4                HAL_PWREx_EnableOverDrive
 .text.HAL_RCC_OscConfig
                0x08001264      0x430 Drivers/STM32F7xx_HAL_Driver/Src/stm32f7xx_hal_rcc.o
                0x08001264                HAL_RCC_OscConfig
 .text.HAL_RCC_GetSysClockFreq
                0x08001694       0xa4 Drivers/STM32F7xx_HAL_Driver/Src/stm32f7xx_hal_rcc.o
                0x08001694                HAL_RCC_GetSysClockFreq
 .text.HAL_RCC_ClockConfig
                0x08001738      0x194 Drivers/STM32F7xx_HAL_Driver/Src/stm32f7xx_hal_rcc.o
                0x08001738                HAL_RCC_ClockConfig
 .text.HAL_RCC_GetHCLKFreq
                0x080018cc        0xc Drivers/STM32F7xx_HAL_Driver/Src/stm32f7xx_hal_rcc.o
                0x080018cc                HAL_RCC_GetHCLKFreq
 .text.HAL_RCC_GetPCLK1Freq
                0x080018d8       0x30 Drivers/STM32F7xx_HAL_Driver/Src/stm32f7xx_hal_rcc.o
                0x080018d8                HAL_RCC_GetPCLK1Freq
 .text.HAL_RCC_GetPCLK2Freq
                0x08001908       0x30 Drivers/STM32F7xx_HAL_Driver/Src/stm32f7xx_hal_rcc.o
                0x08001908                HAL_RCC_GetPCLK2Freq
 .text.HAL_RCCEx_PeriphCLKConfig
                0x08001938      0x7cc Drivers/STM32F7xx_HAL_Driver/Src/stm32f7xx_hal_rcc_ex.o
                0x08001938                HAL_RCCEx_PeriphCLKConfig
 .text.HAL_SDRAM_MspInit
                0x08002104        0x4 Drivers/STM32F7xx_HAL_Driver/Src/stm32f7xx_hal_sdram.o
                0x08002104                HAL_SDRAM_MspInit
 .text.HAL_SDRAM_Init
                0x08002108       0x44 Drivers/STM32F7xx_HAL_Driver/Src/stm32f7xx_hal_sdram.o
                0x08002108                HAL_SDRAM_Init
 .text.HAL_SDRAM_SendCommand
                0x0800214c       0x3c Drivers/STM32F7xx_HAL_Driver/Src/stm32f7xx_hal_sdram.o
                0x0800214c                HAL_SDRAM_SendCommand
 .text.HAL_SDRAM_ProgramRefreshRate
                0x08002188       0x28 Drivers/STM32F7xx_HAL_Driver/Src/stm32f7xx_hal_sdram.o
                0x08002188                HAL_SDRAM_ProgramRefreshRate
 .text.UART_WaitOnFlagUntilTimeout
                0x080021b0       0x68 Drivers/STM32F7xx_HAL_Driver/Src/stm32f7xx_hal_uart.o
                0x080021b0                UART_WaitOnFlagUntilTimeout
 .text.UART_SetConfig
                0x08002218      0x364 Drivers/STM32F7xx_HAL_Driver/Src/stm32f7xx_hal_uart.o
                0x08002218                UART_SetConfig
 .text.UART_AdvFeatureConfig
                0x0800257c       0xc8 Drivers/STM32F7xx_HAL_Driver/Src/stm32f7xx_hal_uart.o
                0x0800257c                UART_AdvFeatureConfig
 .text.UART_CheckIdleState
                0x08002644       0x48 Drivers/STM32F7xx_HAL_Driver/Src/stm32f7xx_hal_uart.o
                0x08002644                UART_CheckIdleState
 .text.HAL_UART_Init
                0x0800268c       0x6c Drivers/STM32F7xx_HAL_Driver/Src/stm32f7xx_hal_uart.o
                0x0800268c                HAL_UART_Init
 .text.FMC_SDRAM_Init
                0x080026f8       0x78 Drivers/STM32F7xx_HAL_Driver/Src/stm32f7xx_ll_fmc.o
                0x080026f8                FMC_SDRAM_Init
 .text.FMC_SDRAM_Timing_Init
                0x08002770       0x9c Drivers/STM32F7xx_HAL_Driver/Src/stm32f7xx_ll_fmc.o
                0x08002770                FMC_SDRAM_Timing_Init
 .text.FMC_SDRAM_SendCommand
                0x0800280c       0x58 Drivers/STM32F7xx_HAL_Driver/Src/stm32f7xx_ll_fmc.o
                0x0800280c                FMC_SDRAM_SendCommand
 .text.FMC_SDRAM_ProgramRefreshRate
                0x08002864        0xc Drivers/STM32F7xx_HAL_Driver/Src/stm32f7xx_ll_fmc.o
                0x08002864                FMC_SDRAM_ProgramRefreshRate
 .text.MX_GPIO_Init
                0x08002870       0xc0 Src/main.o
 .text.Error_Handler
                0x08002930        0x4 Src/main.o
                0x08002930                Error_Handler
 .text.MX_I2C1_Init
                0x08002934       0x54 Src/main.o
 .text.MX_DMA2D_Init
                0x08002988       0x3c Src/main.o
 .text.MX_LTDC_Init
                0x080029c4       0x9c Src/main.o
 .text.MX_UART4_Init
                0x08002a60       0x3c Src/main.o
 .text.SystemClock_Config
                0x08002a9c       0xf0 Src/main.o
                0x08002a9c                SystemClock_Config
 .text.main     0x08002b8c       0xa8 Src/main.o
                0x08002b8c                main
 .text.HAL_MspInit
                0x08002c34       0x60 Src/stm32f7xx_hal_msp.o
                0x08002c34                HAL_MspInit
 .text.HAL_DMA2D_MspInit
                0x08002c94       0x28 Src/stm32f7xx_hal_msp.o
                0x08002c94                HAL_DMA2D_MspInit
 .text.HAL_I2C_MspInit
                0x08002cbc       0x54 Src/stm32f7xx_hal_msp.o
                0x08002cbc                HAL_I2C_MspInit
 .text.HAL_LTDC_MspInit
                0x08002d10      0x138 Src/stm32f7xx_hal_msp.o
                0x08002d10                HAL_LTDC_MspInit
 .text.HAL_UART_MspInit
                0x08002e48       0x64 Src/stm32f7xx_hal_msp.o
                0x08002e48                HAL_UART_MspInit
 .text.SVC_Handler
                0x08002eac        0x4 Src/stm32f7xx_it.o
                0x08002eac                SVC_Handler
 .text.PendSV_Handler
                0x08002eb0        0x4 Src/stm32f7xx_it.o
                0x08002eb0                PendSV_Handler
 .text.SysTick_Handler
                0x08002eb4        0xc Src/stm32f7xx_it.o
                0x08002eb4                SysTick_Handler
 .text.SystemInit
                0x08002ec0       0x50 Src/system_stm32f7xx.o
                0x08002ec0                SystemInit
 .text.Reset_Handler
                0x08002f10       0x50 startup/startup_stm32f746xx.o
                0x08002f10                Reset_Handler
 .text.Default_Handler
                0x08002f60        0x2 startup/startup_stm32f746xx.o
                0x08002f60                RTC_Alarm_IRQHandler
                0x08002f60                EXTI2_IRQHandler
                0x08002f60                TIM8_CC_IRQHandler
                0x08002f60                DebugMon_Handler
                0x08002f60                UART8_IRQHandler
                0x08002f60                SPI4_IRQHandler
                0x08002f60                TIM1_CC_IRQHandler
                0x08002f60                DMA2_Stream5_IRQHandler
                0x08002f60                HardFault_Handler
                0x08002f60                DMA1_Stream5_IRQHandler
                0x08002f60                PVD_IRQHandler
                0x08002f60                TAMP_STAMP_IRQHandler
                0x08002f60                NMI_Handler
                0x08002f60                CAN2_RX1_IRQHandler
                0x08002f60                EXTI3_IRQHandler
                0x08002f60                TIM8_TRG_COM_TIM14_IRQHandler
                0x08002f60                TIM1_UP_TIM10_IRQHandler
                0x08002f60                TIM8_UP_TIM13_IRQHandler
                0x08002f60                I2C3_ER_IRQHandler
                0x08002f60                EXTI0_IRQHandler
                0x08002f60                I2C2_EV_IRQHandler
                0x08002f60                DMA1_Stream2_IRQHandler
                0x08002f60                CAN1_RX0_IRQHandler
                0x08002f60                FPU_IRQHandler
                0x08002f60                OTG_HS_WKUP_IRQHandler
                0x08002f60                UsageFault_Handler
                0x08002f60                LTDC_ER_IRQHandler
                0x08002f60                CAN2_SCE_IRQHandler
                0x08002f60                DMA2_Stream2_IRQHandler
                0x08002f60                SPI1_IRQHandler
                0x08002f60                TIM6_DAC_IRQHandler
                0x08002f60                TIM1_BRK_TIM9_IRQHandler
                0x08002f60                DCMI_IRQHandler
                0x08002f60                CAN2_RX0_IRQHandler
                0x08002f60                DMA2_Stream3_IRQHandler
                0x08002f60                SAI2_IRQHandler
                0x08002f60                USART6_IRQHandler
                0x08002f60                USART3_IRQHandler
                0x08002f60                CAN1_RX1_IRQHandler
                0x08002f60                UART5_IRQHandler
                0x08002f60                DMA2_Stream0_IRQHandler
                0x08002f60                TIM4_IRQHandler
                0x08002f60                QUADSPI_IRQHandler
                0x08002f60                I2C1_EV_IRQHandler
                0x08002f60                DMA1_Stream6_IRQHandler
                0x08002f60                DMA1_Stream1_IRQHandler
                0x08002f60                UART4_IRQHandler
                0x08002f60                TIM3_IRQHandler
                0x08002f60                RCC_IRQHandler
                0x08002f60                TIM8_BRK_TIM12_IRQHandler
                0x08002f60                Default_Handler
                0x08002f60                CEC_IRQHandler
                0x08002f60                EXTI15_10_IRQHandler
                0x08002f60                ADC_IRQHandler
                0x08002f60                DMA1_Stream7_IRQHandler
                0x08002f60                SPI5_IRQHandler
                0x08002f60                TIM7_IRQHandler
                0x08002f60                SDMMC1_IRQHandler
                0x08002f60                CAN2_TX_IRQHandler
                0x08002f60                TIM5_IRQHandler
                0x08002f60                DMA2_Stream7_IRQHandler
                0x08002f60                I2C3_EV_IRQHandler
                0x08002f60                EXTI9_5_IRQHandler
                0x08002f60                RTC_WKUP_IRQHandler
                0x08002f60                LTDC_IRQHandler
                0x08002f60                ETH_WKUP_IRQHandler
                0x08002f60                SPDIF_RX_IRQHandler
                0x08002f60                SPI2_IRQHandler
                0x08002f60                OTG_HS_EP1_IN_IRQHandler
                0x08002f60                MemManage_Handler
                0x08002f60                DMA1_Stream0_IRQHandler
                0x08002f60                CAN1_TX_IRQHandler
                0x08002f60                EXTI4_IRQHandler
                0x08002f60                RNG_IRQHandler
                0x08002f60                ETH_IRQHandler
                0x08002f60                OTG_HS_EP1_OUT_IRQHandler
                0x08002f60                WWDG_IRQHandler
                0x08002f60                SPI6_IRQHandler
                0x08002f60                I2C4_EV_IRQHandler
                0x08002f60                TIM2_IRQHandler
                0x08002f60                OTG_FS_WKUP_IRQHandler
                0x08002f60                TIM1_TRG_COM_TIM11_IRQHandler
                0x08002f60                OTG_HS_IRQHandler
                0x08002f60                DMA2D_IRQHandler
                0x08002f60                EXTI1_IRQHandler
                0x08002f60                UART7_IRQHandler
                0x08002f60                USART2_IRQHandler
                0x08002f60                I2C2_ER_IRQHandler
                0x08002f60                DMA2_Stream1_IRQHandler
                0x08002f60                CAN1_SCE_IRQHandler
                0x08002f60                FLASH_IRQHandler
                0x08002f60                DMA2_Stream4_IRQHandler
                0x08002f60                BusFault_Handler
                0x08002f60                USART1_IRQHandler
                0x08002f60                OTG_FS_IRQHandler
                0x08002f60                SPI3_IRQHandler
                0x08002f60                DMA1_Stream4_IRQHandler
                0x08002f60                I2C1_ER_IRQHandler
                0x08002f60                FMC_IRQHandler
                0x08002f60                LPTIM1_IRQHandler
                0x08002f60                I2C4_ER_IRQHandler
                0x08002f60                DMA2_Stream6_IRQHandler
                0x08002f60                SAI1_IRQHandler
                0x08002f60                DMA1_Stream3_IRQHandler
 *fill*         0x08002f62        0x2 
 .text.__libc_init_array
                0x08002f64       0x4c /home/raphael/.eclipse/org.eclipse.platform_4.6.3_155965261_linux_gtk_x86_64/plugins/fr.ac6.mcu.externaltools.arm-none.linux64_1.13.1.201703061524/tools/compiler/bin/../lib/gcc/arm-none-eabi/5.4.1/../../../../arm-none-eabi/lib/armv7e-m/fpu/fpv5-sp-d16/libc_nano.a(lib_a-init.o)
                0x08002f64                __libc_init_array
 *(.glue_7)
 .glue_7        0x08002fb0        0x0 linker stubs
 *(.glue_7t)
 .glue_7t       0x08002fb0        0x0 linker stubs
 *(.eh_frame)
 .eh_frame      0x08002fb0        0x0 /home/raphael/.eclipse/org.eclipse.platform_4.6.3_155965261_linux_gtk_x86_64/plugins/fr.ac6.mcu.externaltools.arm-none.linux64_1.13.1.201703061524/tools/compiler/bin/../lib/gcc/arm-none-eabi/5.4.1/armv7e-m/fpu/fpv5-sp-d16/crtbegin.o
 *(.init)
 .init          0x08002fb0        0x4 /home/raphael/.eclipse/org.eclipse.platform_4.6.3_155965261_linux_gtk_x86_64/plugins/fr.ac6.mcu.externaltools.arm-none.linux64_1.13.1.201703061524/tools/compiler/bin/../lib/gcc/arm-none-eabi/5.4.1/armv7e-m/fpu/fpv5-sp-d16/crti.o
                0x08002fb0                _init
 .init          0x08002fb4        0x8 /home/raphael/.eclipse/org.eclipse.platform_4.6.3_155965261_linux_gtk_x86_64/plugins/fr.ac6.mcu.externaltools.arm-none.linux64_1.13.1.201703061524/tools/compiler/bin/../lib/gcc/arm-none-eabi/5.4.1/armv7e-m/fpu/fpv5-sp-d16/crtn.o
 *(.fini)
 .fini          0x08002fbc        0x4 /home/raphael/.eclipse/org.eclipse.platform_4.6.3_155965261_linux_gtk_x86_64/plugins/fr.ac6.mcu.externaltools.arm-none.linux64_1.13.1.201703061524/tools/compiler/bin/../lib/gcc/arm-none-eabi/5.4.1/armv7e-m/fpu/fpv5-sp-d16/crti.o
                0x08002fbc                _fini
 .fini          0x08002fc0        0x8 /home/raphael/.eclipse/org.eclipse.platform_4.6.3_155965261_linux_gtk_x86_64/plugins/fr.ac6.mcu.externaltools.arm-none.linux64_1.13.1.201703061524/tools/compiler/bin/../lib/gcc/arm-none-eabi/5.4.1/armv7e-m/fpu/fpv5-sp-d16/crtn.o
                0x08002fc8                . = ALIGN (0x4)
                0x08002fc8                _etext = .

.vfp11_veneer   0x08002fc8        0x0
 .vfp11_veneer  0x08002fc8        0x0 linker stubs

.v4_bx          0x08002fc8        0x0
 .v4_bx         0x08002fc8        0x0 linker stubs

.iplt           0x08002fc8        0x0
 .iplt          0x08002fc8        0x0 /home/raphael/.eclipse/org.eclipse.platform_4.6.3_155965261_linux_gtk_x86_64/plugins/fr.ac6.mcu.externaltools.arm-none.linux64_1.13.1.201703061524/tools/compiler/bin/../lib/gcc/arm-none-eabi/5.4.1/armv7e-m/fpu/fpv5-sp-d16/crtbegin.o

.rodata         0x08002fc8    0x39ffc
                0x08002fc8                . = ALIGN (0x4)
 *(.rodata)
 .rodata        0x08002fc8     0x3cdc Drivers/BSP/STM32746G-Discovery/stm32746g_discovery_lcd.o
                0x08002fc8                Font8_Table
                0x080032c0                Font12_Table
                0x08003734                Font16_Table
                0x08004314                Font20_Table
                0x080051ec                Font24_Table
 .rodata        0x08006ca4        0x8 Drivers/STM32F7xx_HAL_Driver/Src/stm32f7xx_hal_dma.o
 .rodata        0x08006cac    0x36300 Src/main.o
                0x08006cac                testimg
 .rodata        0x0803cfac       0x18 Src/system_stm32f7xx.o
                0x0803cfac                AHBPrescTable
                0x0803cfbc                APBPrescTable
 *(.rodata*)
                0x0803cfc4                . = ALIGN (0x4)

.rel.dyn        0x0803cfc4        0x0
 .rel.iplt      0x0803cfc4        0x0 /home/raphael/.eclipse/org.eclipse.platform_4.6.3_155965261_linux_gtk_x86_64/plugins/fr.ac6.mcu.externaltools.arm-none.linux64_1.13.1.201703061524/tools/compiler/bin/../lib/gcc/arm-none-eabi/5.4.1/armv7e-m/fpu/fpv5-sp-d16/crtbegin.o

.ARM.extab
 *(.ARM.extab* .gnu.linkonce.armextab.*)

.ARM            0x0803cfc4        0x0
                0x0803cfc4                __exidx_start = .
 *(.ARM.exidx*)
                0x0803cfc4                __exidx_end = .

.preinit_array  0x0803cfc4        0x0
                0x0803cfc4                PROVIDE (__preinit_array_start, .)
 *(.preinit_array*)
                0x0803cfc4                PROVIDE (__preinit_array_end, .)

.init_array     0x0803cfc4        0x4
                0x0803cfc4                PROVIDE (__init_array_start, .)
 *(SORT(.init_array.*))
 *(.init_array*)
 .init_array    0x0803cfc4        0x4 /home/raphael/.eclipse/org.eclipse.platform_4.6.3_155965261_linux_gtk_x86_64/plugins/fr.ac6.mcu.externaltools.arm-none.linux64_1.13.1.201703061524/tools/compiler/bin/../lib/gcc/arm-none-eabi/5.4.1/armv7e-m/fpu/fpv5-sp-d16/crtbegin.o
                0x0803cfc8                PROVIDE (__init_array_end, .)

.fini_array     0x0803cfc8        0x4
                [!provide]                PROVIDE (__fini_array_start, .)
 *(SORT(.fini_array.*))
 *(.fini_array*)
 .fini_array    0x0803cfc8        0x4 /home/raphael/.eclipse/org.eclipse.platform_4.6.3_155965261_linux_gtk_x86_64/plugins/fr.ac6.mcu.externaltools.arm-none.linux64_1.13.1.201703061524/tools/compiler/bin/../lib/gcc/arm-none-eabi/5.4.1/armv7e-m/fpu/fpv5-sp-d16/crtbegin.o
                [!provide]                PROVIDE (__fini_array_end, .)
                0x0803cfcc                _sidata = LOADADDR (.data)

.data           0x20000000       0x30 load address 0x0803cfcc
                0x20000000                . = ALIGN (0x4)
                0x20000000                _sdata = .
 *(.data)
 .data          0x20000000       0x28 Drivers/BSP/STM32746G-Discovery/stm32746g_discovery_lcd.o
                0x20000000                Font24
                0x20000008                Font8
                0x20000010                Font12
                0x20000018                Font16
                0x20000020                Font20
 .data          0x20000028        0x2 Drivers/BSP/STM32746G-Discovery/stm32746g_discovery_sdram.o
 *fill*         0x2000002a        0x2 
 .data          0x2000002c        0x4 Src/system_stm32f7xx.o
                0x2000002c                SystemCoreClock
 *(.data*)
                0x20000030                . = ALIGN (0x4)
                0x20000030                _edata = .

.jcr            0x20000030        0x0 load address 0x0803cffc
 .jcr           0x20000030        0x0 /home/raphael/.eclipse/org.eclipse.platform_4.6.3_155965261_linux_gtk_x86_64/plugins/fr.ac6.mcu.externaltools.arm-none.linux64_1.13.1.201703061524/tools/compiler/bin/../lib/gcc/arm-none-eabi/5.4.1/armv7e-m/fpu/fpv5-sp-d16/crtbegin.o

.igot.plt       0x20000030        0x0 load address 0x0803cffc
 .igot.plt      0x20000030        0x0 /home/raphael/.eclipse/org.eclipse.platform_4.6.3_155965261_linux_gtk_x86_64/plugins/fr.ac6.mcu.externaltools.arm-none.linux64_1.13.1.201703061524/tools/compiler/bin/../lib/gcc/arm-none-eabi/5.4.1/armv7e-m/fpu/fpv5-sp-d16/crtbegin.o
                0x20000030                . = ALIGN (0x4)

.bss            0x20000030      0x3c4 load address 0x0803cffc
                0x20000030                _sbss = .
                0x20000030                __bss_start__ = _sbss
 *(.bss)
 .bss           0x20000030       0x1c /home/raphael/.eclipse/org.eclipse.platform_4.6.3_155965261_linux_gtk_x86_64/plugins/fr.ac6.mcu.externaltools.arm-none.linux64_1.13.1.201703061524/tools/compiler/bin/../lib/gcc/arm-none-eabi/5.4.1/armv7e-m/fpu/fpv5-sp-d16/crtbegin.o
 .bss           0x2000004c       0xe0 Drivers/BSP/STM32746G-Discovery/stm32746g_discovery_lcd.o
 .bss           0x2000012c       0xec Drivers/BSP/STM32746G-Discovery/stm32746g_discovery_sdram.o
 *(.bss*)
 *(COMMON)
 COMMON         0x20000218       0x34 Drivers/BSP/STM32746G-Discovery/stm32746g_discovery_sdram.o
                0x20000218                sdramHandle
 COMMON         0x2000024c        0x4 Drivers/STM32F7xx_HAL_Driver/Src/stm32f7xx_hal.o
                0x2000024c                uwTick
 COMMON         0x20000250      0x1a4 Src/main.o
                0x20000250                hi2c1
                0x2000029c                hLtdcHandler
                0x20000344                huart4
                0x200003b4                hdma2d
                0x200003f4                . = ALIGN (0x4)
                0x200003f4                _ebss = .
                0x200003f4                __bss_end__ = _ebss

._user_heap_stack
                0x200003f4      0x604 load address 0x0803cffc
                0x200003f8                . = ALIGN (0x8)
 *fill*         0x200003f4        0x4 
                [!provide]                PROVIDE (end, .)
                [!provide]                PROVIDE (_end, .)
                0x200005f8                . = (. + _Min_Heap_Size)
 *fill*         0x200003f8      0x200 
                0x200009f8                . = (. + _Min_Stack_Size)
 *fill*         0x200005f8      0x400 
                0x200009f8                . = ALIGN (0x8)

/DISCARD/
 libc.a(*)
 libm.a(*)
 libgcc.a(*)

.ARM.attributes
                0x00000000       0x30
 *(.ARM.attributes)
 .ARM.attributes
                0x00000000       0x22 /home/raphael/.eclipse/org.eclipse.platform_4.6.3_155965261_linux_gtk_x86_64/plugins/fr.ac6.mcu.externaltools.arm-none.linux64_1.13.1.201703061524/tools/compiler/bin/../lib/gcc/arm-none-eabi/5.4.1/armv7e-m/fpu/fpv5-sp-d16/crti.o
 .ARM.attributes
                0x00000022       0x34 /home/raphael/.eclipse/org.eclipse.platform_4.6.3_155965261_linux_gtk_x86_64/plugins/fr.ac6.mcu.externaltools.arm-none.linux64_1.13.1.201703061524/tools/compiler/bin/../lib/gcc/arm-none-eabi/5.4.1/armv7e-m/fpu/fpv5-sp-d16/crtbegin.o
 .ARM.attributes
                0x00000056       0x39 Drivers/BSP/STM32746G-Discovery/stm32746g_discovery_lcd.o
 .ARM.attributes
                0x0000008f       0x39 Drivers/BSP/STM32746G-Discovery/stm32746g_discovery_sdram.o
 .ARM.attributes
                0x000000c8       0x39 Drivers/STM32F7xx_HAL_Driver/Src/stm32f7xx_hal.o
 .ARM.attributes
                0x00000101       0x39 Drivers/STM32F7xx_HAL_Driver/Src/stm32f7xx_hal_cortex.o
 .ARM.attributes
                0x0000013a       0x39 Drivers/STM32F7xx_HAL_Driver/Src/stm32f7xx_hal_dma.o
 .ARM.attributes
                0x00000173       0x39 Drivers/STM32F7xx_HAL_Driver/Src/stm32f7xx_hal_dma2d.o
 .ARM.attributes
                0x000001ac       0x39 Drivers/STM32F7xx_HAL_Driver/Src/stm32f7xx_hal_gpio.o
 .ARM.attributes
                0x000001e5       0x39 Drivers/STM32F7xx_HAL_Driver/Src/stm32f7xx_hal_i2c.o
 .ARM.attributes
                0x0000021e       0x39 Drivers/STM32F7xx_HAL_Driver/Src/stm32f7xx_hal_i2c_ex.o
 .ARM.attributes
                0x00000257       0x39 Drivers/STM32F7xx_HAL_Driver/Src/stm32f7xx_hal_ltdc.o
 .ARM.attributes
                0x00000290       0x39 Drivers/STM32F7xx_HAL_Driver/Src/stm32f7xx_hal_pwr_ex.o
 .ARM.attributes
                0x000002c9       0x39 Drivers/STM32F7xx_HAL_Driver/Src/stm32f7xx_hal_rcc.o
 .ARM.attributes
                0x00000302       0x39 Drivers/STM32F7xx_HAL_Driver/Src/stm32f7xx_hal_rcc_ex.o
 .ARM.attributes
                0x0000033b       0x39 Drivers/STM32F7xx_HAL_Driver/Src/stm32f7xx_hal_sdram.o
 .ARM.attributes
                0x00000374       0x39 Drivers/STM32F7xx_HAL_Driver/Src/stm32f7xx_hal_uart.o
 .ARM.attributes
                0x000003ad       0x39 Drivers/STM32F7xx_HAL_Driver/Src/stm32f7xx_ll_fmc.o
 .ARM.attributes
                0x000003e6       0x39 Src/main.o
 .ARM.attributes
                0x0000041f       0x39 Src/stm32f7xx_hal_msp.o
 .ARM.attributes
                0x00000458       0x39 Src/stm32f7xx_it.o
 .ARM.attributes
                0x00000491       0x39 Src/system_stm32f7xx.o
 .ARM.attributes
                0x000004ca       0x21 startup/startup_stm32f746xx.o
 .ARM.attributes
                0x000004eb       0x34 /home/raphael/.eclipse/org.eclipse.platform_4.6.3_155965261_linux_gtk_x86_64/plugins/fr.ac6.mcu.externaltools.arm-none.linux64_1.13.1.201703061524/tools/compiler/bin/../lib/gcc/arm-none-eabi/5.4.1/../../../../arm-none-eabi/lib/armv7e-m/fpu/fpv5-sp-d16/libc_nano.a(lib_a-init.o)
 .ARM.attributes
                0x0000051f       0x22 /home/raphael/.eclipse/org.eclipse.platform_4.6.3_155965261_linux_gtk_x86_64/plugins/fr.ac6.mcu.externaltools.arm-none.linux64_1.13.1.201703061524/tools/compiler/bin/../lib/gcc/arm-none-eabi/5.4.1/armv7e-m/fpu/fpv5-sp-d16/crtn.o
OUTPUT(magnetometer2.elf elf32-littlearm)

.debug_info     0x00000000    0x169c1
 .debug_info    0x00000000     0x2fe0 Drivers/BSP/STM32746G-Discovery/stm32746g_discovery_lcd.o
 .debug_info    0x00002fe0     0x1261 Drivers/BSP/STM32746G-Discovery/stm32746g_discovery_sdram.o
 .debug_info    0x00004241      0x965 Drivers/STM32F7xx_HAL_Driver/Src/stm32f7xx_hal.o
 .debug_info    0x00004ba6     0x112f Drivers/STM32F7xx_HAL_Driver/Src/stm32f7xx_hal_cortex.o
 .debug_info    0x00005cd5      0xa64 Drivers/STM32F7xx_HAL_Driver/Src/stm32f7xx_hal_dma.o
 .debug_info    0x00006739     0x1338 Drivers/STM32F7xx_HAL_Driver/Src/stm32f7xx_hal_dma2d.o
 .debug_info    0x00007a71      0x751 Drivers/STM32F7xx_HAL_Driver/Src/stm32f7xx_hal_gpio.o
 .debug_info    0x000081c2     0x318f Drivers/STM32F7xx_HAL_Driver/Src/stm32f7xx_hal_i2c.o
 .debug_info    0x0000b351      0x6a8 Drivers/STM32F7xx_HAL_Driver/Src/stm32f7xx_hal_i2c_ex.o
 .debug_info    0x0000b9f9     0x12e9 Drivers/STM32F7xx_HAL_Driver/Src/stm32f7xx_hal_ltdc.o
 .debug_info    0x0000cce2      0x9e5 Drivers/STM32F7xx_HAL_Driver/Src/stm32f7xx_hal_pwr_ex.o
 .debug_info    0x0000d6c7      0xd23 Drivers/STM32F7xx_HAL_Driver/Src/stm32f7xx_hal_rcc.o
 .debug_info    0x0000e3ea      0xfec Drivers/STM32F7xx_HAL_Driver/Src/stm32f7xx_hal_rcc_ex.o
 .debug_info    0x0000f3d6      0xda5 Drivers/STM32F7xx_HAL_Driver/Src/stm32f7xx_hal_sdram.o
 .debug_info    0x0001017b     0x1806 Drivers/STM32F7xx_HAL_Driver/Src/stm32f7xx_hal_uart.o
 .debug_info    0x00011981      0xc88 Drivers/STM32F7xx_HAL_Driver/Src/stm32f7xx_ll_fmc.o
 .debug_info    0x00012609     0x2136 Src/main.o
 .debug_info    0x0001473f     0x1a16 Src/stm32f7xx_hal_msp.o
 .debug_info    0x00016155      0x10d Src/stm32f7xx_it.o
 .debug_info    0x00016262      0x6e9 Src/system_stm32f7xx.o
 .debug_info    0x0001694b       0x76 startup/startup_stm32f746xx.o

.debug_abbrev   0x00000000     0x2973
 .debug_abbrev  0x00000000      0x324 Drivers/BSP/STM32746G-Discovery/stm32746g_discovery_lcd.o
 .debug_abbrev  0x00000324      0x221 Drivers/BSP/STM32746G-Discovery/stm32746g_discovery_sdram.o
 .debug_abbrev  0x00000545      0x1d3 Drivers/STM32F7xx_HAL_Driver/Src/stm32f7xx_hal.o
 .debug_abbrev  0x00000718      0x2fe Drivers/STM32F7xx_HAL_Driver/Src/stm32f7xx_hal_cortex.o
 .debug_abbrev  0x00000a16      0x28e Drivers/STM32F7xx_HAL_Driver/Src/stm32f7xx_hal_dma.o
 .debug_abbrev  0x00000ca4      0x292 Drivers/STM32F7xx_HAL_Driver/Src/stm32f7xx_hal_dma2d.o
 .debug_abbrev  0x00000f36      0x1cd Drivers/STM32F7xx_HAL_Driver/Src/stm32f7xx_hal_gpio.o
 .debug_abbrev  0x00001103      0x226 Drivers/STM32F7xx_HAL_Driver/Src/stm32f7xx_hal_i2c.o
 .debug_abbrev  0x00001329      0x132 Drivers/STM32F7xx_HAL_Driver/Src/stm32f7xx_hal_i2c_ex.o
 .debug_abbrev  0x0000145b      0x1f7 Drivers/STM32F7xx_HAL_Driver/Src/stm32f7xx_hal_ltdc.o
 .debug_abbrev  0x00001652      0x1e3 Drivers/STM32F7xx_HAL_Driver/Src/stm32f7xx_hal_pwr_ex.o
 .debug_abbrev  0x00001835      0x276 Drivers/STM32F7xx_HAL_Driver/Src/stm32f7xx_hal_rcc.o
 .debug_abbrev  0x00001aab      0x21b Drivers/STM32F7xx_HAL_Driver/Src/stm32f7xx_hal_rcc_ex.o
 .debug_abbrev  0x00001cc6      0x214 Drivers/STM32F7xx_HAL_Driver/Src/stm32f7xx_hal_sdram.o
 .debug_abbrev  0x00001eda      0x251 Drivers/STM32F7xx_HAL_Driver/Src/stm32f7xx_hal_uart.o
 .debug_abbrev  0x0000212b      0x183 Drivers/STM32F7xx_HAL_Driver/Src/stm32f7xx_ll_fmc.o
 .debug_abbrev  0x000022ae      0x2cb Src/main.o
 .debug_abbrev  0x00002579      0x217 Src/stm32f7xx_hal_msp.o
 .debug_abbrev  0x00002790       0xb1 Src/stm32f7xx_it.o
 .debug_abbrev  0x00002841      0x120 Src/system_stm32f7xx.o
 .debug_abbrev  0x00002961       0x12 startup/startup_stm32f746xx.o

.debug_loc      0x00000000     0xd22e
 .debug_loc     0x00000000     0x2237 Drivers/BSP/STM32746G-Discovery/stm32746g_discovery_lcd.o
 .debug_loc     0x00002237      0x2f7 Drivers/BSP/STM32746G-Discovery/stm32746g_discovery_sdram.o
 .debug_loc     0x0000252e       0x6a Drivers/STM32F7xx_HAL_Driver/Src/stm32f7xx_hal.o
 .debug_loc     0x00002598      0x53a Drivers/STM32F7xx_HAL_Driver/Src/stm32f7xx_hal_cortex.o
 .debug_loc     0x00002ad2      0xa7f Drivers/STM32F7xx_HAL_Driver/Src/stm32f7xx_hal_dma.o
 .debug_loc     0x00003551     0x10bf Drivers/STM32F7xx_HAL_Driver/Src/stm32f7xx_hal_dma2d.o
 .debug_loc     0x00004610      0x38f Drivers/STM32F7xx_HAL_Driver/Src/stm32f7xx_hal_gpio.o
 .debug_loc     0x0000499f     0x3327 Drivers/STM32F7xx_HAL_Driver/Src/stm32f7xx_hal_i2c.o
 .debug_loc     0x00007cc6      0x134 Drivers/STM32F7xx_HAL_Driver/Src/stm32f7xx_hal_i2c_ex.o
 .debug_loc     0x00007dfa     0x16a1 Drivers/STM32F7xx_HAL_Driver/Src/stm32f7xx_hal_ltdc.o
 .debug_loc     0x0000949b      0x262 Drivers/STM32F7xx_HAL_Driver/Src/stm32f7xx_hal_pwr_ex.o
 .debug_loc     0x000096fd      0x665 Drivers/STM32F7xx_HAL_Driver/Src/stm32f7xx_hal_rcc.o
 .debug_loc     0x00009d62      0x941 Drivers/STM32F7xx_HAL_Driver/Src/stm32f7xx_hal_rcc_ex.o
 .debug_loc     0x0000a6a3      0xc11 Drivers/STM32F7xx_HAL_Driver/Src/stm32f7xx_hal_sdram.o
 .debug_loc     0x0000b2b4     0x148b Drivers/STM32F7xx_HAL_Driver/Src/stm32f7xx_hal_uart.o
 .debug_loc     0x0000c73f      0x834 Drivers/STM32F7xx_HAL_Driver/Src/stm32f7xx_ll_fmc.o
 .debug_loc     0x0000cf73       0xa2 Src/main.o
 .debug_loc     0x0000d015       0xe7 Src/stm32f7xx_hal_msp.o
 .debug_loc     0x0000d0fc      0x132 Src/system_stm32f7xx.o

.debug_aranges  0x00000000      0xf20
 .debug_aranges
                0x00000000      0x1d8 Drivers/BSP/STM32746G-Discovery/stm32746g_discovery_lcd.o
 .debug_aranges
                0x000001d8       0x68 Drivers/BSP/STM32746G-Discovery/stm32746g_discovery_sdram.o
 .debug_aranges
                0x00000240       0xd0 Drivers/STM32F7xx_HAL_Driver/Src/stm32f7xx_hal.o
 .debug_aranges
                0x00000310       0xa8 Drivers/STM32F7xx_HAL_Driver/Src/stm32f7xx_hal_cortex.o
 .debug_aranges
                0x000003b8       0x90 Drivers/STM32F7xx_HAL_Driver/Src/stm32f7xx_hal_dma.o
 .debug_aranges
                0x00000448      0x108 Drivers/STM32F7xx_HAL_Driver/Src/stm32f7xx_hal_dma2d.o
 .debug_aranges
                0x00000550       0x58 Drivers/STM32F7xx_HAL_Driver/Src/stm32f7xx_hal_gpio.o
 .debug_aranges
                0x000005a8      0x260 Drivers/STM32F7xx_HAL_Driver/Src/stm32f7xx_hal_i2c.o
 .debug_aranges
                0x00000808       0x28 Drivers/STM32F7xx_HAL_Driver/Src/stm32f7xx_hal_i2c_ex.o
 .debug_aranges
                0x00000830      0x158 Drivers/STM32F7xx_HAL_Driver/Src/stm32f7xx_hal_ltdc.o
 .debug_aranges
                0x00000988       0x80 Drivers/STM32F7xx_HAL_Driver/Src/stm32f7xx_hal_pwr_ex.o
 .debug_aranges
                0x00000a08       0x88 Drivers/STM32F7xx_HAL_Driver/Src/stm32f7xx_hal_rcc.o
 .debug_aranges
                0x00000a90       0x30 Drivers/STM32F7xx_HAL_Driver/Src/stm32f7xx_hal_rcc_ex.o
 .debug_aranges
                0x00000ac0       0xd0 Drivers/STM32F7xx_HAL_Driver/Src/stm32f7xx_hal_sdram.o
 .debug_aranges
                0x00000b90      0x190 Drivers/STM32F7xx_HAL_Driver/Src/stm32f7xx_hal_uart.o
 .debug_aranges
                0x00000d20       0xc8 Drivers/STM32F7xx_HAL_Driver/Src/stm32f7xx_ll_fmc.o
 .debug_aranges
                0x00000de8       0x58 Src/main.o
 .debug_aranges
                0x00000e40       0x60 Src/stm32f7xx_hal_msp.o
 .debug_aranges
                0x00000ea0       0x30 Src/stm32f7xx_it.o
 .debug_aranges
                0x00000ed0       0x28 Src/system_stm32f7xx.o
 .debug_aranges
                0x00000ef8       0x28 startup/startup_stm32f746xx.o

.debug_ranges   0x00000000      0xdd8
 .debug_ranges  0x00000000      0x1c8 Drivers/BSP/STM32746G-Discovery/stm32746g_discovery_lcd.o
 .debug_ranges  0x000001c8       0x58 Drivers/BSP/STM32746G-Discovery/stm32746g_discovery_sdram.o
 .debug_ranges  0x00000220       0xc0 Drivers/STM32F7xx_HAL_Driver/Src/stm32f7xx_hal.o
 .debug_ranges  0x000002e0       0x98 Drivers/STM32F7xx_HAL_Driver/Src/stm32f7xx_hal_cortex.o
 .debug_ranges  0x00000378       0x80 Drivers/STM32F7xx_HAL_Driver/Src/stm32f7xx_hal_dma.o
 .debug_ranges  0x000003f8       0xf8 Drivers/STM32F7xx_HAL_Driver/Src/stm32f7xx_hal_dma2d.o
 .debug_ranges  0x000004f0       0x48 Drivers/STM32F7xx_HAL_Driver/Src/stm32f7xx_hal_gpio.o
 .debug_ranges  0x00000538      0x250 Drivers/STM32F7xx_HAL_Driver/Src/stm32f7xx_hal_i2c.o
 .debug_ranges  0x00000788       0x18 Drivers/STM32F7xx_HAL_Driver/Src/stm32f7xx_hal_i2c_ex.o
 .debug_ranges  0x000007a0      0x148 Drivers/STM32F7xx_HAL_Driver/Src/stm32f7xx_hal_ltdc.o
 .debug_ranges  0x000008e8       0x70 Drivers/STM32F7xx_HAL_Driver/Src/stm32f7xx_hal_pwr_ex.o
 .debug_ranges  0x00000958       0x78 Drivers/STM32F7xx_HAL_Driver/Src/stm32f7xx_hal_rcc.o
 .debug_ranges  0x000009d0       0x20 Drivers/STM32F7xx_HAL_Driver/Src/stm32f7xx_hal_rcc_ex.o
 .debug_ranges  0x000009f0       0xc0 Drivers/STM32F7xx_HAL_Driver/Src/stm32f7xx_hal_sdram.o
 .debug_ranges  0x00000ab0      0x180 Drivers/STM32F7xx_HAL_Driver/Src/stm32f7xx_hal_uart.o
 .debug_ranges  0x00000c30       0xb8 Drivers/STM32F7xx_HAL_Driver/Src/stm32f7xx_ll_fmc.o
 .debug_ranges  0x00000ce8       0x48 Src/main.o
 .debug_ranges  0x00000d30       0x50 Src/stm32f7xx_hal_msp.o
 .debug_ranges  0x00000d80       0x20 Src/stm32f7xx_it.o
 .debug_ranges  0x00000da0       0x18 Src/system_stm32f7xx.o
 .debug_ranges  0x00000db8       0x20 startup/startup_stm32f746xx.o

.debug_macro    0x00000000     0x48ea
 .debug_macro   0x00000000      0x39e Drivers/BSP/STM32746G-Discovery/stm32746g_discovery_lcd.o
 .debug_macro   0x0000039e       0x40 Drivers/BSP/STM32746G-Discovery/stm32746g_discovery_lcd.o
 .debug_macro   0x000003de       0x9a Drivers/BSP/STM32746G-Discovery/stm32746g_discovery_lcd.o
 .debug_macro   0x00000478      0x26a Drivers/BSP/STM32746G-Discovery/stm32746g_discovery_lcd.o
 .debug_macro   0x000006e2       0x10 Drivers/BSP/STM32746G-Discovery/stm32746g_discovery_lcd.o
 .debug_macro   0x000006f2      0x12c Drivers/BSP/STM32746G-Discovery/stm32746g_discovery_lcd.o
 .debug_macro   0x0000081e      0x34a Drivers/BSP/STM32746G-Discovery/stm32746g_discovery_sdram.o
 .debug_macro   0x00000b68      0x35f Drivers/STM32F7xx_HAL_Driver/Src/stm32f7xx_hal.o
 .debug_macro   0x00000ec7      0x33b Drivers/STM32F7xx_HAL_Driver/Src/stm32f7xx_hal_cortex.o
 .debug_macro   0x00001202      0x342 Drivers/STM32F7xx_HAL_Driver/Src/stm32f7xx_hal_dma.o
 .debug_macro   0x00001544      0x3ba Drivers/STM32F7xx_HAL_Driver/Src/stm32f7xx_hal_dma2d.o
 .debug_macro   0x000018fe      0x373 Drivers/STM32F7xx_HAL_Driver/Src/stm32f7xx_hal_gpio.o
 .debug_macro   0x00001c71      0x407 Drivers/STM32F7xx_HAL_Driver/Src/stm32f7xx_hal_i2c.o
 .debug_macro   0x00002078      0x33b Drivers/STM32F7xx_HAL_Driver/Src/stm32f7xx_hal_i2c_ex.o
 .debug_macro   0x000023b3      0x33b Drivers/STM32F7xx_HAL_Driver/Src/stm32f7xx_hal_ltdc.o
 .debug_macro   0x000026ee      0x353 Drivers/STM32F7xx_HAL_Driver/Src/stm32f7xx_hal_pwr_ex.o
 .debug_macro   0x00002a41      0x35f Drivers/STM32F7xx_HAL_Driver/Src/stm32f7xx_hal_rcc.o
 .debug_macro   0x00002da0      0x347 Drivers/STM32F7xx_HAL_Driver/Src/stm32f7xx_hal_rcc_ex.o
 .debug_macro   0x000030e7      0x33b Drivers/STM32F7xx_HAL_Driver/Src/stm32f7xx_hal_sdram.o
 .debug_macro   0x00003422      0x343 Drivers/STM32F7xx_HAL_Driver/Src/stm32f7xx_hal_uart.o
 .debug_macro   0x00003765      0x33b Drivers/STM32F7xx_HAL_Driver/Src/stm32f7xx_ll_fmc.o
 .debug_macro   0x00003aa0      0x3bd Src/main.o
 .debug_macro   0x00003e5d       0x3b Src/main.o
 .debug_macro   0x00003e98       0xa0 Src/main.o
 .debug_macro   0x00003f38      0x33b Src/stm32f7xx_hal_msp.o
 .debug_macro   0x00004273      0x345 Src/stm32f7xx_it.o
 .debug_macro   0x000045b8      0x332 Src/system_stm32f7xx.o

.debug_line     0x00000000     0xfec5
 .debug_line    0x00000000     0x102f Drivers/BSP/STM32746G-Discovery/stm32746g_discovery_lcd.o
 .debug_line    0x0000102f      0xa28 Drivers/BSP/STM32746G-Discovery/stm32746g_discovery_sdram.o
 .debug_line    0x00001a57      0xa85 Drivers/STM32F7xx_HAL_Driver/Src/stm32f7xx_hal.o
 .debug_line    0x000024dc      0xaea Drivers/STM32F7xx_HAL_Driver/Src/stm32f7xx_hal_cortex.o
 .debug_line    0x00002fc6      0xbed Drivers/STM32F7xx_HAL_Driver/Src/stm32f7xx_hal_dma.o
 .debug_line    0x00003bb3      0xede Drivers/STM32F7xx_HAL_Driver/Src/stm32f7xx_hal_dma2d.o
 .debug_line    0x00004a91      0xa6a Drivers/STM32F7xx_HAL_Driver/Src/stm32f7xx_hal_gpio.o
 .debug_line    0x000054fb     0x18fd Drivers/STM32F7xx_HAL_Driver/Src/stm32f7xx_hal_i2c.o
 .debug_line    0x00006df8      0x986 Drivers/STM32F7xx_HAL_Driver/Src/stm32f7xx_hal_i2c_ex.o
 .debug_line    0x0000777e     0x1196 Drivers/STM32F7xx_HAL_Driver/Src/stm32f7xx_hal_ltdc.o
 .debug_line    0x00008914      0xa4a Drivers/STM32F7xx_HAL_Driver/Src/stm32f7xx_hal_pwr_ex.o
 .debug_line    0x0000935e      0xc1e Drivers/STM32F7xx_HAL_Driver/Src/stm32f7xx_hal_rcc.o
 .debug_line    0x00009f7c      0xca3 Drivers/STM32F7xx_HAL_Driver/Src/stm32f7xx_hal_rcc_ex.o
 .debug_line    0x0000ac1f      0xbed Drivers/STM32F7xx_HAL_Driver/Src/stm32f7xx_hal_sdram.o
 .debug_line    0x0000b80c     0x122d Drivers/STM32F7xx_HAL_Driver/Src/stm32f7xx_hal_uart.o
 .debug_line    0x0000ca39      0xb8e Drivers/STM32F7xx_HAL_Driver/Src/stm32f7xx_ll_fmc.o
 .debug_line    0x0000d5c7      0xca3 Src/main.o
 .debug_line    0x0000e26a      0x9df Src/stm32f7xx_hal_msp.o
 .debug_line    0x0000ec49      0x90b Src/stm32f7xx_it.o
 .debug_line    0x0000f554      0x8f2 Src/system_stm32f7xx.o
 .debug_line    0x0000fe46       0x7f startup/startup_stm32f746xx.o

.debug_str      0x00000000    0xe7de0
 .debug_str     0x00000000    0xe1f13 Drivers/BSP/STM32746G-Discovery/stm32746g_discovery_lcd.o
                              0xe2324 (size before relaxing)
 .debug_str     0x000e1f13      0xb99 Drivers/BSP/STM32746G-Discovery/stm32746g_discovery_sdram.o
                              0xe0351 (size before relaxing)
 .debug_str     0x000e2aac      0x394 Drivers/STM32F7xx_HAL_Driver/Src/stm32f7xx_hal.o
                              0xdfb84 (size before relaxing)
 .debug_str     0x000e2e40      0x43a Drivers/STM32F7xx_HAL_Driver/Src/stm32f7xx_hal_cortex.o
                              0xdfc1e (size before relaxing)
 .debug_str     0x000e327a      0x30d Drivers/STM32F7xx_HAL_Driver/Src/stm32f7xx_hal_dma.o
                              0xdf62b (size before relaxing)
 .debug_str     0x000e3587      0x797 Drivers/STM32F7xx_HAL_Driver/Src/stm32f7xx_hal_dma2d.o
                              0xdfc0e (size before relaxing)
 .debug_str     0x000e3d1e      0x214 Drivers/STM32F7xx_HAL_Driver/Src/stm32f7xx_hal_gpio.o
                              0xdf4ab (size before relaxing)
 .debug_str     0x000e3f32      0xfa6 Drivers/STM32F7xx_HAL_Driver/Src/stm32f7xx_hal_i2c.o
                              0xe0344 (size before relaxing)
 .debug_str     0x000e4ed8       0x3b Drivers/STM32F7xx_HAL_Driver/Src/stm32f7xx_hal_i2c_ex.o
                              0xdf5ff (size before relaxing)
 .debug_str     0x000e4f13      0x251 Drivers/STM32F7xx_HAL_Driver/Src/stm32f7xx_hal_ltdc.o
                              0xdf835 (size before relaxing)
 .debug_str     0x000e5164      0x1f3 Drivers/STM32F7xx_HAL_Driver/Src/stm32f7xx_hal_pwr_ex.o
                              0xdf567 (size before relaxing)
 .debug_str     0x000e5357      0x37a Drivers/STM32F7xx_HAL_Driver/Src/stm32f7xx_hal_rcc.o
                              0xdf638 (size before relaxing)
 .debug_str     0x000e56d1      0x105 Drivers/STM32F7xx_HAL_Driver/Src/stm32f7xx_hal_rcc_ex.o
                              0xdf558 (size before relaxing)
 .debug_str     0x000e57d6      0x2c7 Drivers/STM32F7xx_HAL_Driver/Src/stm32f7xx_hal_sdram.o
                              0xdf8d7 (size before relaxing)
 .debug_str     0x000e5a9d      0x80c Drivers/STM32F7xx_HAL_Driver/Src/stm32f7xx_hal_uart.o
                              0xdfd19 (size before relaxing)
 .debug_str     0x000e62a9      0x394 Drivers/STM32F7xx_HAL_Driver/Src/stm32f7xx_ll_fmc.o
                              0xdf72d (size before relaxing)
 .debug_str     0x000e663d     0x16db Src/main.o
                              0xe3df3 (size before relaxing)
 .debug_str     0x000e7d18       0x1b Src/stm32f7xx_hal_msp.o
                              0xe0417 (size before relaxing)
 .debug_str     0x000e7d33       0x53 Src/stm32f7xx_it.o
                              0xdf07f (size before relaxing)
 .debug_str     0x000e7d86       0x5a Src/system_stm32f7xx.o
                              0xde1e1 (size before relaxing)

.comment        0x00000000       0x6e
 .comment       0x00000000       0x6e Drivers/BSP/STM32746G-Discovery/stm32746g_discovery_lcd.o
                                 0x6f (size before relaxing)
 .comment       0x0000006e       0x6f Drivers/BSP/STM32746G-Discovery/stm32746g_discovery_sdram.o
 .comment       0x0000006e       0x6f Drivers/STM32F7xx_HAL_Driver/Src/stm32f7xx_hal.o
 .comment       0x0000006e       0x6f Drivers/STM32F7xx_HAL_Driver/Src/stm32f7xx_hal_cortex.o
 .comment       0x0000006e       0x6f Drivers/STM32F7xx_HAL_Driver/Src/stm32f7xx_hal_dma.o
 .comment       0x0000006e       0x6f Drivers/STM32F7xx_HAL_Driver/Src/stm32f7xx_hal_dma2d.o
 .comment       0x0000006e       0x6f Drivers/STM32F7xx_HAL_Driver/Src/stm32f7xx_hal_gpio.o
 .comment       0x0000006e       0x6f Drivers/STM32F7xx_HAL_Driver/Src/stm32f7xx_hal_i2c.o
 .comment       0x0000006e       0x6f Drivers/STM32F7xx_HAL_Driver/Src/stm32f7xx_hal_i2c_ex.o
 .comment       0x0000006e       0x6f Drivers/STM32F7xx_HAL_Driver/Src/stm32f7xx_hal_ltdc.o
 .comment       0x0000006e       0x6f Drivers/STM32F7xx_HAL_Driver/Src/stm32f7xx_hal_pwr_ex.o
 .comment       0x0000006e       0x6f Drivers/STM32F7xx_HAL_Driver/Src/stm32f7xx_hal_rcc.o
 .comment       0x0000006e       0x6f Drivers/STM32F7xx_HAL_Driver/Src/stm32f7xx_hal_rcc_ex.o
 .comment       0x0000006e       0x6f Drivers/STM32F7xx_HAL_Driver/Src/stm32f7xx_hal_sdram.o
 .comment       0x0000006e       0x6f Drivers/STM32F7xx_HAL_Driver/Src/stm32f7xx_hal_uart.o
 .comment       0x0000006e       0x6f Drivers/STM32F7xx_HAL_Driver/Src/stm32f7xx_ll_fmc.o
 .comment       0x0000006e       0x6f Src/main.o
 .comment       0x0000006e       0x6f Src/stm32f7xx_hal_msp.o
 .comment       0x0000006e       0x6f Src/stm32f7xx_it.o
 .comment       0x0000006e       0x6f Src/system_stm32f7xx.o

.debug_frame    0x00000000     0x2adc
 .debug_frame   0x00000000      0x680 Drivers/BSP/STM32746G-Discovery/stm32746g_discovery_lcd.o
 .debug_frame   0x00000680      0x120 Drivers/BSP/STM32746G-Discovery/stm32746g_discovery_sdram.o
 .debug_frame   0x000007a0      0x1a8 Drivers/STM32F7xx_HAL_Driver/Src/stm32f7xx_hal.o
 .debug_frame   0x00000948      0x154 Drivers/STM32F7xx_HAL_Driver/Src/stm32f7xx_hal_cortex.o
 .debug_frame   0x00000a9c      0x184 Drivers/STM32F7xx_HAL_Driver/Src/stm32f7xx_hal_dma.o
 .debug_frame   0x00000c20      0x324 Drivers/STM32F7xx_HAL_Driver/Src/stm32f7xx_hal_dma2d.o
 .debug_frame   0x00000f44       0xc4 Drivers/STM32F7xx_HAL_Driver/Src/stm32f7xx_hal_gpio.o
 .debug_frame   0x00001008      0x81c Drivers/STM32F7xx_HAL_Driver/Src/stm32f7xx_hal_i2c.o
 .debug_frame   0x00001824       0x30 Drivers/STM32F7xx_HAL_Driver/Src/stm32f7xx_hal_i2c_ex.o
 .debug_frame   0x00001854      0x418 Drivers/STM32F7xx_HAL_Driver/Src/stm32f7xx_hal_ltdc.o
 .debug_frame   0x00001c6c      0x134 Drivers/STM32F7xx_HAL_Driver/Src/stm32f7xx_hal_pwr_ex.o
 .debug_frame   0x00001da0      0x150 Drivers/STM32F7xx_HAL_Driver/Src/stm32f7xx_hal_rcc.o
 .debug_frame   0x00001ef0       0x7c Drivers/STM32F7xx_HAL_Driver/Src/stm32f7xx_hal_rcc_ex.o
 .debug_frame   0x00001f6c      0x24c Drivers/STM32F7xx_HAL_Driver/Src/stm32f7xx_hal_sdram.o
 .debug_frame   0x000021b8      0x488 Drivers/STM32F7xx_HAL_Driver/Src/stm32f7xx_hal_uart.o
 .debug_frame   0x00002640      0x200 Drivers/STM32F7xx_HAL_Driver/Src/stm32f7xx_ll_fmc.o
 .debug_frame   0x00002840       0xd8 Src/main.o
 .debug_frame   0x00002918      0x114 Src/stm32f7xx_hal_msp.o
 .debug_frame   0x00002a2c       0x48 Src/stm32f7xx_it.o
 .debug_frame   0x00002a74       0x3c Src/system_stm32f7xx.o
 .debug_frame   0x00002ab0       0x2c /home/raphael/.eclipse/org.eclipse.platform_4.6.3_155965261_linux_gtk_x86_64/plugins/fr.ac6.mcu.externaltools.arm-none.linux64_1.13.1.201703061524/tools/compiler/bin/../lib/gcc/arm-none-eabi/5.4.1/../../../../arm-none-eabi/lib/armv7e-m/fpu/fpv5-sp-d16/libc_nano.a(lib_a-init.o)
